2,2,2
e, NSW
n, NT
o, sea
q, QLD
s, SA
t, TAS
v, VIC
w, WA

Block1

oo
os

ot
oo

Block2

to
oo

oo
oq

Block3

wo
no

oo
oo

Block4

oo
oo

ov
oo