2,2,2
e, NSW
n, NT
o, sea
q, QLD
s, SA
t, TAS
v, VIC
w, WA

Block1
oo
oo

eo
so

Block2
oe
os

oo
oo

Block3
oo
oo

wo
vo

Block4
ow
ov

oo
oo
