3,3,2
e, NSW
n, NT
o, sea
q, QLD
s, SA
t, TAS
v, VIC
w, WA

Block1
ooo
ooo
ooo

ooo
ooo
ooo

Block2
ooo
qoo
eoo

ooo
noo
eoo

Block3
ooo
ooo
ooo

ooo
ooo
ooo

Block4
soo
woo
voo

soo
woo
voo
