Cuboid1
o

Cuboid2
o

Cuboid3
o

Cuboid4
s

Cuboid5
t

Cuboid6
o

Cuboid7
o

Cuboid8
o

Cuboid9
w

Cuboid10
o

Cuboid11
n

Cuboid12
o

Cuboid13
o

Cuboid14
o

Cuboid15
o

Cuboid16
o