Cuboid1
o

Cuboid2
o

Cuboid3
o

Cuboid4
s

Cuboid5
o

Cuboid6
t

Cuboid7
o

Cuboid8
o

Cuboid9
t

Cuboid10
o

Cuboid11
o

Cuboid12
o

Cuboid13
o

Cuboid14
o

Cuboid15
o

Cuboid16
q

Cuboid17
w

Cuboid18
o

Cuboid19
n

Cuboid20
o

Cuboid21
o

Cuboid22
o

Cuboid23
o

Cuboid24
o

Cuboid25
o

Cuboid26
o

Cuboid27
o

Cuboid28
o

Cuboid29
o

Cuboid30
v

Cuboid31
o

Cuboid32
o