1,2,1,1,1,1,TAS
2,2,1,1,1,1,sea
1,1,1,1,1,1,sea
2,1,1,1,1,1,TAS