0, 0, 0, 3, 1, 1,  NSW
0, 1, 0, 3, 1, 1,  NT
0, 2, 0, 3, 1, 1,  QLD