0, 0, 0, 2, 1, 1,  NSW
0, 1, 0, 1, 1, 1,  NSW
1, 1, 0, 1, 1, 1,  NT