0, 0, 0, 1, 1, 1, NSW
0, 1, 0, 1, 1, 1, TAS
1, 0, 0, 1, 1, 1, NT
1, 1, 0, 1, 1, 1, VIC
2, 0, 0, 1, 1, 1, QLD
2, 1, 0, 1, 1, 1, WA
3, 0, 0, 1, 1, 1, SA
3, 1, 0, 1, 1, 1, sea
0, 0, 1, 2, 1, 1, WA
0, 1, 1, 1, 1, 1, WA
1, 1, 1, 1, 1, 1, sea
2, 0, 1, 2, 2, 1, sea