0,0,0,1,1,1,t
1,0,0,2,2,1,o
0,1,0,1,1,1,o

0,0,1,2,2,1,o
2,0,1,1,2,1,t

