1,2,1,0,0,0,3,1,1,e
1,2,1,0,1,0,3,1,1,n
1,2,1,0,2,0,3,1,1,q

