1,2,1,0,0,0,1,1,1,e
1,2,1,1,0,0,1,1,1,n
1,2,1,2,0,0,1,1,1,q
1,2,1,3,0,0,1,1,1,s
1,2,1,0,1,0,1,1,1,t
1,2,1,1,1,0,1,1,1,v
1,2,1,2,1,0,1,1,1,w
1,2,1,3,1,0,1,1,1,o

1,2,1,0,0,1,2,1,1,w
1,2,1,2,0,1,2,2,1,o
1,2,1,0,1,1,1,1,1,w
1,2,1,1,1,1,1,1,1,o

