0, 0, 0, 1, 1, 1,  TAS
1, 0, 0, 1, 1, 1,  sea
0, 1, 0, 1, 1, 1,  sea
1, 1, 0, 1, 1, 1,  TAS