0, 0, 0, 1, 1, 1,  NSW
1, 0, 0, 1, 1, 1,  NT
0, 1, 0, 1, 1, 1,  QLD
1, 1, 0, 1, 1, 1,  SA