9, 7, 9, 0, 0, 0, 1, 1, 1, t
9, 7, 9, 1, 0, 0, 2, 1, 1, o
9, 7, 9, 0, 1, 0, 2, 1, 1, o
9, 7, 9, 2, 1, 0, 1, 1, 1, t
