8, 6, 8, 0, 0, 0, 1, 1, 1, t
8, 6, 8, 1, 0, 0, 2, 1, 1, o
8, 6, 8, 0, 1, 0, 2, 1, 1, o
8, 6, 8, 2, 1, 0, 1, 1, 1, t
8, 6, 8, 0, 0, 1, 1, 1, 1, a
8, 6, 8, 1, 0, 1, 1, 1, 1, b
8, 6, 8, 2, 0, 1, 1, 1, 1, c
8, 6, 8, 0, 1, 1, 3, 1, 1, d
