0,0,0,0,0,0,10,1,1,o
0,0,0,0,0,1,6,1,1,t
0,0,0,0,0,2,6,1,1,o
0,0,0,0,1,0,6,2,3,t
0,0,0,6,0,1,4,1,1,o
0,0,0,6,0,2,4,1,1,t
0,0,0,6,1,0,4,2,3,o
