1,3,5,0,0,0,4,3,1,t
1,3,5,0,0,1,4,1,1,o
1,3,5,0,1,1,1,1,1,o
1,3,5,0,2,1,4,1,1,o
1,3,5,1,1,1,2,1,1,t
1,3,5,3,1,1,1,1,1,o
