4,5,6,0,0,0,1,1,3,t
4,5,6,0,1,0,2,1,3,o
4,5,6,1,0,0,2,1,3,o
4,5,6,2,1,0,1,1,3,t
