5,6,7,0,0,0,4,1,1,o
5,6,7,0,0,1,4,3,1,t
5,6,7,0,1,0,1,1,1,o
5,6,7,0,2,0,4,1,1,o
5,6,7,1,1,0,2,1,1,t
5,6,7,3,1,0,1,1,1,o
