0,0,0,0,0,0,4,1,1,o
0,0,0,0,0,1,4,1,2,t
0,0,0,0,1,0,1,2,1,o
0,0,0,0,1,1,1,2,2,t
0,0,0,1,1,0,2,1,2,t
0,0,0,1,1,2,2,1,1,o
0,0,0,1,2,0,2,1,1,o
0,0,0,1,2,1,2,1,2,t
0,0,0,3,1,0,1,2,1,o
0,0,0,3,1,1,1,2,2,t
