0,0,0,0,0,0,4,1,1,o
0,0,0,0,0,1,4,3,2,t
0,0,0,0,0,3,4,1,1,o
0,0,0,0,0,4,4,3,2,t
0,0,0,0,1,0,1,2,1,o
0,0,0,0,1,3,1,2,1,o
0,0,0,1,1,0,2,1,1,t
0,0,0,1,1,3,2,1,1,t
0,0,0,1,2,0,2,1,1,o
0,0,0,1,2,3,2,1,1,o
0,0,0,3,1,0,1,2,1,o
0,0,0,3,1,3,1,2,1,o
