1,2,3,0,0,0,1,1,4,t
1,2,3,0,1,0,2,1,4,o
1,2,3,1,0,0,2,1,4,o
1,2,3,2,1,0,1,1,4,t
