(this is template name of file, please delete this line)