0,0,1,1,1,2,t
1,0,1,1,2,2,o
2,0,1,1,1,2,o
0,1,1,1,1,2,o
2,1,1,1,1,2,t